Diagnose log at 2026-09-24T04:15:24Z

AppPath: C:\Program Files\Git\mingw64\bin\git-credential-manager.exe
InstallDir: C:\Program Files\Git\mingw64\bin\
Version: 2.9.1+6760f0ef069c994aa2bb1d703fb374986ee82a3e

------------
Diagnostic: Environment
Skipped: False
Success: True
Exception: None
Log:
OSType: Windows
OSVersion: 10.0 (build 26200)
Reading environment variables... OK
 Variables:
SystemDrive=C:
ProgramFiles(x86)=C:\Program Files (x86)
MSYSTEM=MINGW64
ProgramW6432=C:\Program Files
PROCESSOR_IDENTIFIER=Intel64 Family 6 Model 158 Stepping 13, GenuineIntel
TMP=C:\Users\tvxq_\AppData\Local\Temp
PROCESSOR_ARCHITECTURE=AMD64
VSCODE_GIT_ASKPASS_MAIN=c:\Users\tvxq_\AppData\Local\Programs\Microsoft VS Code\7debcd0e2a\resources\app\extensions\git\dist\askpass-main.js
Path=C:/Program Files/Git/mingw64/libexec/git-core;C:\Program Files\Git\mingw64\bin;C:\Program Files\Git\usr\bin;C:\Users\tvxq_\bin;C:\Program Files (x86)\Common Files\Intel\Shared Libraries\redist\intel64\compiler;C:\WINDOWS\system32;C:\WINDOWS;C:\WINDOWS\System32\Wbem;C:\WINDOWS\System32\WindowsPowerShell\v1.0\;C:\WINDOWS\System32\OpenSSH\;C:\Program Files\dotnet\;C:\Program Files\nodejs\;C:\Program Files\Git\cmd;C:\Users\tvxq_\AppData\Local\Microsoft\WindowsApps;C:\Users\tvxq_\AppData\Local\Programs\Microsoft VS Code\bin;C:\Users\tvxq_\AppData\Roaming\npm
MIC_LD_LIBRARY_PATH=C:\Program Files (x86)\Common Files\Intel\Shared Libraries\compiler\lib\mic
VSCODE_GIT_IPC_HANDLE=\\.\pipe\vscode-git-eb885c1b4c-sock
PROCESSOR_REVISION=9e0d
TEMP=C:\Users\tvxq_\AppData\Local\Temp
USERPROFILE=C:\Users\tvxq_
LOGONSERVER=\\KAMON
TERM=xterm-256color
USERNAME=Kamon
SystemRoot=C:\WINDOWS
CHROME_CRASHPAD_PIPE_NAME=\\.\pipe\crashpad_4652_PTOKUDHMDRBDLXCR
GIT_EXEC_PATH=C:/Program Files/Git/mingw64/libexec/git-core
PLINK_PROTOCOL=ssh
OneDrive=C:\Users\tvxq_\OneDrive
USERDOMAIN_ROAMINGPROFILE=KAMON
CommonProgramFiles=C:\Program Files\Common Files
ZES_ENABLE_SYSMAN=1
VSCODE_PYTHON_AUTOACTIVATE_GUARD=1
EFC_9080_4126798990=1
ProgramData=C:\ProgramData
LANG=en_US.UTF-8
GIT_ASKPASS=c:\Users\tvxq_\AppData\Local\Programs\Microsoft VS Code\7debcd0e2a\resources\app\extensions\git\dist\askpass.sh
HOMEPATH=\Users\tvxq_
OneDriveConsumer=C:\Users\tvxq_\OneDrive
COMPUTERNAME=KAMON
VSCODE_INJECTION=1
ALLUSERSPROFILE=C:\ProgramData
CommonProgramW6432=C:\Program Files\Common Files
EFC_9080_1592913036=1
SESSIONNAME=Console
DriverData=C:\Windows\System32\Drivers\DriverData
HOMEDRIVE=C:
INTEL_DEV_REDIST=C:\Program Files (x86)\Common Files\Intel\Shared Libraries\
windir=C:\WINDOWS
GIT_TRACE2_PARENT_SID=ea243d8f-32d0-44e3-bf14-47f81ac18f89
VSCODE_GIT_ASKPASS_NODE=C:\Users\tvxq_\AppData\Local\Programs\Microsoft VS Code\Code.exe
NUMBER_OF_PROCESSORS=6
OS=Windows_NT
ProgramFiles=C:\Program Files
ComSpec=C:\WINDOWS\system32\cmd.exe
PATHEXT=.COM;.EXE;.BAT;.CMD;.VBS;.VBE;.JS;.JSE;.WSF;.WSH;.MSC;.CPL
HOME=C:\Users\tvxq_
PSModulePath=C:\Users\tvxq_\OneDrive\เอกสาร\WindowsPowerShell\Modules;C:\Program Files\WindowsPowerShell\Modules;C:\WINDOWS\system32\WindowsPowerShell\v1.0\Modules
TMPDIR=C:\Users\tvxq_\AppData\Local\Temp
APPDATA=C:\Users\tvxq_\AppData\Roaming
USERDOMAIN=KAMON
PROCESSOR_LEVEL=6
LOCALAPPDATA=C:\Users\tvxq_\AppData\Local
TERM_PROGRAM_VERSION=1.138.0
CommonProgramFiles(x86)=C:\Program Files (x86)\Common Files
COLORTERM=truecolor
PUBLIC=C:\Users\Public
TERM_PROGRAM=vscode
VSCODE_GIT_ASKPASS_EXTRA_ARGS=


------------
Diagnostic: File system
Skipped: False
Success: True
Exception: None
Log:
Temporary directory is 'C:\Users\tvxq_\AppData\Local\Temp\'...
Checking basic file I/O...
Writing to temporary file 'C:\Users\tvxq_\AppData\Local\Temp\b7164f7cb0d8e6e4da666d59'... OK
Reading from temporary file 'C:\Users\tvxq_\AppData\Local\Temp\b7164f7cb0d8e6e4da666d59'... OK
Deleting temporary file 'C:\Users\tvxq_\AppData\Local\Temp\b7164f7cb0d8e6e4da666d59'... OK
Testing IFileSystem instance...
UserHomePath: C:\Users\tvxq_
UserDataDirectoryPath: C:\Users\tvxq_\.gcm
GetCurrentDirectory(): D:\Projects\bikego

------------
Diagnostic: Networking
Skipped: False
Success: True
Exception: None
Log:
Checking networking and HTTP stack...
Creating HTTP client... OK
IsNetworkAvailable: True
Sending HEAD request to http://example.com... OK
Sending HEAD request to https://example.com... OK
Acquiring free TCP port... OK
Testing local HTTP loopback connections...
Creating new HTTP listener for http://localhost:5037/... OK
Waiting for loopback connection... OK
Writing response... OK
Waiting for response data... OK
Loopback connection data OK

------------
Diagnostic: Git
Skipped: False
Success: True
Exception: None
Log:
Getting Git version... OK
Git version is '2.55.0.windows.5'
Locating current repository...Git repository at 'D:/Projects/bikego/.git'
 OK
Listing all Git configuration... OK
Git configuration:
file:C:/Program Files/Git/etc/gitconfig	diff.astextplain.textconv=astextplain
file:C:/Program Files/Git/etc/gitconfig	filter.lfs.clean=git-lfs clean -- %f
file:C:/Program Files/Git/etc/gitconfig	filter.lfs.smudge=git-lfs smudge -- %f
file:C:/Program Files/Git/etc/gitconfig	filter.lfs.process=git-lfs filter-process
file:C:/Program Files/Git/etc/gitconfig	filter.lfs.required=true
file:C:/Program Files/Git/etc/gitconfig	http.sslbackend=schannel
file:C:/Program Files/Git/etc/gitconfig	core.autocrlf=true
file:C:/Program Files/Git/etc/gitconfig	core.fscache=true
file:C:/Program Files/Git/etc/gitconfig	core.symlinks=false
file:C:/Program Files/Git/etc/gitconfig	pull.rebase=false
file:C:/Program Files/Git/etc/gitconfig	credential.helper=manager
file:C:/Program Files/Git/etc/gitconfig	credential.https://dev.azure.com.usehttppath=true
file:C:/Program Files/Git/etc/gitconfig	init.defaultbranch=master
file:C:/Users/tvxq_/.gitconfig	user.name=BikeGo Developer
file:C:/Users/tvxq_/.gitconfig	user.email=fongfomiie@gmail.com
file:.git/config	core.repositoryformatversion=0
file:.git/config	core.filemode=false
file:.git/config	core.bare=false
file:.git/config	core.logallrefupdates=true
file:.git/config	core.symlinks=false
file:.git/config	core.ignorecase=true
file:.git/config	remote.origin.url=https://github.com/fongfomie-source/bikego-rental-system.git
file:.git/config	remote.origin.fetch=+refs/heads/*:refs/remotes/origin/*


------------
Diagnostic: Credential storage
Skipped: False
Success: True
Exception: None
Log:
ICredentialStore instance is of type: CredentialStore
Writing test credential... OK
Reading test credential... OK
Deleting test credential... OK

------------
Diagnostic: Microsoft authentication (AAD/MSA)
Skipped: False
Success: True
Exception: None
Log:
Broker is not enabled.
Gathering MSAL token cache data... OK
CacheDirectory: C:\Users\tvxq_\AppData\Local\.IdentityService
CacheFileName: msal.cache
CacheFilePath: C:\Users\tvxq_\AppData\Local\.IdentityService\msal.cache
Creating cache helper... OK
Verifying MSAL token cache persistence... OK

------------
Diagnostic: GitHub API
Skipped: False
Success: True
Exception: None
Log:
Using 'https://github.com/' as API target.
Querying '/meta' endpoint... OK

